{"phase":"static","case_id":"T01","done":24}
{"phase":"static","case_id":"T02","done":48}
{"phase":"static","case_id":"T03","done":72}
{"phase":"static","case_id":"T04","done":96}
{"phase":"static","case_id":"T05","done":120}
{"phase":"static","case_id":"T06","done":144}
{"phase":"static","case_id":"T07","done":168}
{"phase":"static","case_id":"T08","done":192}
{"phase":"static","case_id":"T09","done":216}
{"phase":"static","case_id":"T10","done":240}
{"phase":"static","case_id":"C01","done":264}
{"phase":"static","case_id":"C02","done":288}
{"phase":"static","case_id":"C03","done":312}
{"phase":"static","case_id":"C04","done":336}
{"phase":"animation","case_id":"T01","first_ms":153.59999999776483,"complete_ms":1236.8999999985099,"lost_ink":0,"svg_mismatch":0}
{"phase":"animation","case_id":"T02","first_ms":37.80000000074506,"complete_ms":1237.8999999985099,"lost_ink":5,"svg_mismatch":0}
{"phase":"animation","case_id":"T03","first_ms":35.69999999925494,"complete_ms":1235.5999999977648,"lost_ink":11,"svg_mismatch":0}
{"phase":"animation","case_id":"T04","first_ms":98.89999999850988,"complete_ms":1248.7999999970198,"lost_ink":0,"svg_mismatch":0}
{"phase":"animation","case_id":"T05","first_ms":50.5,"complete_ms":1250.300000000745,"lost_ink":0,"svg_mismatch":0}
{"phase":"animation","case_id":"T06","first_ms":45.69999999925494,"complete_ms":1245.5,"lost_ink":2,"svg_mismatch":0}
{"phase":"animation","case_id":"T07","first_ms":46.30000000074506,"complete_ms":1246.300000000745,"lost_ink":0,"svg_mismatch":0}
{"phase":"animation","case_id":"T08","first_ms":34.80000000074506,"complete_ms":1234.699999999255,"lost_ink":0,"svg_mismatch":0}
{"phase":"animation","case_id":"T09","first_ms":41.19999999925494,"complete_ms":1241,"lost_ink":0,"svg_mismatch":0}
{"phase":"animation","case_id":"T10","first_ms":156.39999999850988,"complete_ms":1240,"lost_ink":0,"svg_mismatch":0}
{"phase":"animation","case_id":"C01","first_ms":39.100000001490116,"complete_ms":1238.8999999985099,"lost_ink":0,"svg_mismatch":0}
{"phase":"animation","case_id":"C02","first_ms":44.80000000074506,"complete_ms":1244.699999999255,"lost_ink":0,"svg_mismatch":0}
{"phase":"animation","case_id":"C03","first_ms":47.19999999925494,"complete_ms":1247.199999999255,"lost_ink":0,"svg_mismatch":0}
{"phase":"animation","case_id":"C04","first_ms":40.899999998509884,"complete_ms":1240.800000000745,"lost_ink":1,"svg_mismatch":0}
{"scope":"rendering only, no language model or semantic benchmark","static_requests":336,"brush_variants":[{"mode":"constant","size":320,"requests":42,"success":42,"blank":0,"error":0,"build_p50_ms":1,"build_p95_ms":1.800000000745058,"visible_p95_ms":28.800000000745058,"border_touching_images":0},{"mode":"sketchling","size":320,"requests":42,"success":39,"blank":3,"error":0,"build_p50_ms":3.100000001490116,"build_p95_ms":9.600000001490116,"visible_p95_ms":41.69999999925494,"border_touching_images":0},{"mode":"pfh-auto","size":320,"requests":42,"success":42,"blank":0,"error":0,"build_p50_ms":0.19999999925494194,"build_p95_ms":0.9000000022351742,"visible_p95_ms":28.799999997019768,"border_touching_images":0},{"mode":"pressure-arc","size":320,"requests":42,"success":42,"blank":0,"error":0,"build_p50_ms":1,"build_p95_ms":1.9000000022351742,"visible_p95_ms":28.600000001490116,"border_touching_images":0},{"mode":"constant","size":640,"requests":42,"success":42,"blank":0,"error":0,"build_p50_ms":0.9000000022351742,"build_p95_ms":1.699999999254942,"visible_p95_ms":28.100000001490116,"border_touching_images":0},{"mode":"sketchling","size":640,"requests":42,"success":39,"blank":3,"error":0,"build_p50_ms":2.300000000745058,"build_p95_ms":9.099999997764826,"visible_p95_ms":37.19999999925494,"border_touching_images":0},{"mode":"pfh-auto","size":640,"requests":42,"success":42,"blank":0,"error":0,"build_p50_ms":0.19999999925494194,"build_p95_ms":0.7000000029802322,"visible_p95_ms":23.5,"border_touching_images":0},{"mode":"pressure-arc","size":640,"requests":42,"success":42,"blank":0,"error":0,"build_p50_ms":1,"build_p95_ms":2,"visible_p95_ms":23.199999999254942,"border_touching_images":0}],"animation_requests":14,"animation_first_p95_ms":156.39999999850988,"animation_complete_p95_ms":1250.300000000745,"animation_frame_gap_p95_ms":16.80000000000291,"retained_ink_failures":["T02","T03","T06","C04"],"strong_ink_loss_cases":[],"retention_policy":"raw loss uses gray 128; diagnostic strong loss uses before<96 after>160; raw failures are retained","svg_export_mismatch_cases":[],"manual_scores":null}
BENCH_EXIT:0
